[
 {
 "Dir": "/repo/adapters/primary/cli",
 "ImportPath": "mem/adapters/primary/cli",
 "Name": "cli",
 "Root": "/repo",
 "Module": {
 "Path": "mem",
 "Main": true,
 "Dir": "/repo",
 "GoMod": "/repo/go.mod",
 "GoVersion": "1.27.0"
 },
 "Match": [
 "./..."
 ],
 "GoFiles": [
 "binref.go",
 "cli.go",
 "cmd_adr_sync.go",
 "cmd_capture.go",
 "cmd_compact.go",
 "cmd_compare.go",
 "cmd_consolidate.go",
 "cmd_constitution.go",
 "cmd_context.go",
 "cmd_docs.go",
 "cmd_doctor.go",
 "cmd_doctor_opencode.go",
 "cmd_export.go",
 "cmd_forget.go",
 "cmd_gc.go",
 "cmd_get.go",
 "cmd_hook.go",
 "cmd_import.go",
 "cmd_index.go",
 "cmd_init.go",
 "cmd_install.go",
 "cmd_install_cleanup.go",
 "cmd_list.go",
 "cmd_mass.go",
 "cmd_mcp.go",
 "cmd_mcp_code_tools.go",
 "cmd_mcp_octopus_tools.go",
 "cmd_mcp_render.go",
 "cmd_mcp_review_tools.go",
 "cmd_mcp_schemas.go",
 "cmd_mcp_setup.go",
 "cmd_migrate.go",
 "cmd_octopus.go",
 "cmd_octopus_plan.go",
 "cmd_octopus_status.go",
 "cmd_pack.go",
 "cmd_plan_context.go",
 "cmd_project.go",
 "cmd_purge.go",
 "cmd_review.go",
 "cmd_review_query.go",
 "cmd_save.go",
 "cmd_search.go",
 "cmd_session.go",
 "cmd_settings.go",
 "cmd_setup.go",
 "cmd_uninstall.go",
 "cmd_update.go",
 "cmd_usage.go",
 "cmd_wrap.go",
 "codex_hooks_migration.go",
 "deps.go",
 "dispatcher.go",
 "footprint.go",
 "hook_dialect.go",
 "nudge.go",
 "plan_episode.go",
 "save_gate_notice.go",
 "seeds.go",
 "transcript.go"
 ],
 "Imports": [
 "archive/tar",
 "archive/zip",
 "bufio",
 "bytes",
 "compress/gzip",
 "context",
 "crypto/sha256",
 "encoding/hex",
 "encoding/json",
 "errors",
 "flag",
 "fmt",
 "github.com/dustin/go-humanize",
 "github.com/google/jsonschema-go/jsonschema",
 "github.com/modelcontextprotocol/go-sdk/mcp",
 "github.com/pelletier/go-toml/v2",
 "io",
 "io/fs",
 "log",
 "mem/adapters/primary/setup",
 "mem/adapters/primary/tui",
 "mem/adapters/secondary/persistence",
 "mem/application/ports",
 "mem/application/usecases",
 "mem/domain",
 "mem/version",
 "net/http",
 "os",
 "os/exec",
 "path/filepath",
 "reflect",
 "regexp",
 "runtime",
 "sort",
 "strconv",
 "strings",
 "sync",
 "text/tabwriter",
 "time"
 ],
 "Deps": [
 "archive/tar",
 "archive/zip",
 "bufio",
 "bytes",
 "charm.land/bubbles/v2/cursor",
 "charm.land/bubbles/v2/internal/runeutil",
 "charm.land/bubbles/v2/key",
 "charm.land/bubbles/v2/textinput",
 "charm.land/bubbletea/v2",
 "charm.land/lipgloss/v2",
 "cmp",
 "compress/flate",
 "compress/gzip",
 "compress/zlib",
 "container/list",
 "context",
 "crypto",
 "crypto/aes",
 "crypto/cipher",
 "crypto/des",
 "crypto/dsa",
 "crypto/ecdh",
 "crypto/ecdsa",
 "crypto/ed25519",
 "crypto/elliptic",
 "crypto/fips140",
 "crypto/hkdf",
 "crypto/hmac",
 "crypto/hpke",
 "crypto/internal/boring",
 "crypto/internal/boring/bbig",
 "crypto/internal/boring/sig",
 "crypto/internal/constanttime",
 "crypto/internal/entropy/v1.0.0",
 "crypto/internal/fips140",
 "crypto/internal/fips140/aes",
 "crypto/internal/fips140/aes/gcm",
 "crypto/internal/fips140/alias",
 "crypto/internal/fips140/bigmod",
 "crypto/internal/fips140/check",
 "crypto/internal/fips140/drbg",
 "crypto/internal/fips140/ecdh",
 "crypto/internal/fips140/ecdsa",
 "crypto/internal/fips140/ed25519",
 "crypto/internal/fips140/edwards25519",
 "crypto/internal/fips140/edwards25519/field",
 "crypto/internal/fips140/hkdf",
 "crypto/internal/fips140/hmac",
 "crypto/internal/fips140/mldsa",
 "crypto/internal/fips140/mlkem",
 "crypto/internal/fips140/nistec",
 "crypto/internal/fips140/nistec/fiat",
 "crypto/internal/fips140/rsa",
 "crypto/internal/fips140/sha256",
 "crypto/internal/fips140/sha3",
 "crypto/internal/fips140/sha512",
 "crypto/internal/fips140/subtle",
 "crypto/internal/fips140/tls12",
 "crypto/internal/fips140/tls13",
 "crypto/internal/fips140cache",
 "crypto/internal/fips140deps/byteorder",
 "crypto/internal/fips140deps/cpu",
 "crypto/internal/fips140deps/godebug",
 "crypto/internal/fips140deps/time",
 "crypto/internal/fips140hash",
 "crypto/internal/fips140only",
 "crypto/internal/impl",
 "crypto/internal/rand",
 "crypto/internal/randutil",
 "crypto/internal/sysrand",
 "crypto/md5",
 "crypto/mldsa",
 "crypto/mlkem",
 "crypto/rand",
 "crypto/rc4",
 "crypto/rsa",
 "crypto/sha1",
 "crypto/sha256",
 "crypto/sha3",
 "crypto/sha512",
 "crypto/subtle",
 "crypto/tls",
 "crypto/tls/internal/fips140tls",
 "crypto/x509",
 "crypto/x509/pkix",
 "database/sql",
 "database/sql/driver",
 "database/sql/internal",
 "encoding",
 "encoding/asn1",
 "encoding/base32",
 "encoding/base64",
 "encoding/binary",
 "encoding/gob",
 "encoding/hex",
 "encoding/json",
 "encoding/json/internal",
 "encoding/json/internal/jsonflags",
 "encoding/json/internal/jsonopts",
 "encoding/json/internal/jsonwire",
 "encoding/json/jsontext",
 "encoding/json/v2",
 "encoding/pem",
 "errors",
 "flag",
 "fmt",
 "github.com/atotto/clipboard",
 "github.com/charmbracelet/colorprofile",
 "github.com/charmbracelet/ultraviolet",
 "github.com/charmbracelet/x/ansi",
 "github.com/charmbracelet/x/ansi/kitty",
 "github.com/charmbracelet/x/ansi/parser",
 "github.com/charmbracelet/x/term",
 "github.com/charmbracelet/x/termios",
 "github.com/charmbracelet/x/windows",
 "github.com/clipperhouse/displaywidth",
 "github.com/clipperhouse/uax29/v2/graphemes",
 "github.com/dustin/go-humanize",
 "github.com/google/jsonschema-go/jsonschema",
 "github.com/google/uuid",
 "github.com/lucasb-eyer/go-colorful",
 "github.com/mattn/go-runewidth",
 "github.com/modelcontextprotocol/go-sdk/auth",
 "github.com/modelcontextprotocol/go-sdk/internal/authutil",
 "github.com/modelcontextprotocol/go-sdk/internal/json",
 "github.com/modelcontextprotocol/go-sdk/internal/jsonrpc2",
 "github.com/modelcontextprotocol/go-sdk/internal/mcpgodebug",
 "github.com/modelcontextprotocol/go-sdk/internal/util",
 "github.com/modelcontextprotocol/go-sdk/internal/xcontext",
 "github.com/modelcontextprotocol/go-sdk/jsonrpc",
 "github.com/modelcontextprotocol/go-sdk/mcp",
 "github.com/modelcontextprotocol/go-sdk/oauthex",
 "github.com/muesli/cancelreader",
 "github.com/pelletier/go-toml/v2",
 "github.com/pelletier/go-toml/v2/internal/parserbridge",
 "github.com/pelletier/go-toml/v2/internal/tracker",
 "github.com/pelletier/go-toml/v2/unstable",
 "github.com/remyoudompheng/bigfft",
 "github.com/rivo/uniseg",
 "github.com/segmentio/asm/ascii",
 "github.com/segmentio/asm/base64",
 "github.com/segmentio/asm/cpu",
 "github.com/segmentio/asm/cpu/arm",
 "github.com/segmentio/asm/cpu/arm64",
 "github.com/segmentio/asm/cpu/cpuid",
 "github.com/segmentio/asm/cpu/x86",
 "github.com/segmentio/asm/internal/unsafebytes",
 "github.com/segmentio/asm/keyset",
 "github.com/segmentio/encoding/ascii",
 "github.com/segmentio/encoding/iso8601",
 "github.com/segmentio/encoding/json",
 "github.com/xo/terminfo",
 "github.com/yosida95/uritemplate/v3",
 "go/ast",
 "go/build/constraint",
 "go/doc/comment",
 "go/parser",
 "go/printer",
 "go/scanner",
 "go/token",
 "golang.org/x/oauth2",
 "golang.org/x/oauth2/internal",
 "golang.org/x/sync/errgroup",
 "golang.org/x/sys/cpu",
 "golang.org/x/sys/unix",
 "golang.org/x/time/rate",
 "hash",
 "hash/adler32",
 "hash/crc32",
 "hash/maphash",
 "image",
 "image/color",
 "image/png",
 "internal/abi",
 "internal/asan",
 "internal/bisect",
 "internal/bytealg",
 "internal/byteorder",
 "internal/chacha8rand",
 "internal/coverage/rtcov",
 "internal/cpu",
 "internal/filepathlite",
 "internal/fmtsort",
 "internal/goarch",
 "internal/godebug",
 "internal/godebugs",
 "internal/goexperiment",
 "internal/goos",
 "internal/msan",
 "internal/nettrace",
 "internal/oserror",
 "internal/poll",
 "internal/profilerecord",
 "internal/race",
 "internal/reflectlite",
 "internal/runtime/atomic",
 "internal/runtime/cgroup",
 "internal/runtime/exithook",
 "internal/runtime/gc",
 "internal/runtime/gc/scan",
 "internal/runtime/maps",
 "internal/runtime/math",
 "internal/runtime/pprof/label",
 "internal/runtime/sys",
 "internal/runtime/syscall/linux",
 "internal/saferio",
 "internal/singleflight",
 "internal/strconv",
 "internal/stringslite",
 "internal/sync",
 "internal/synctest",
 "internal/syscall/execenv",
 "internal/syscall/unix",
 "internal/testlog",
 "internal/trace/tracev2",
 "internal/unsafeheader",
 "io",
 "io/fs",
 "io/ioutil",
 "iter",
 "log",
 "log/internal",
 "log/slog",
 "log/slog/internal",
 "log/slog/internal/buffer",
 "maps",
 "math",
 "math/big",
 "math/bits",
 "math/rand",
 "math/rand/v2",
 "mem/adapters/primary/setup",
 "mem/adapters/primary/tui",
 "mem/adapters/secondary/persistence",
 "mem/application/ports",
 "mem/application/usecases",
 "mem/domain",
 "mem/version",
 "mime",
 "mime/multipart",
 "mime/quotedprintable",
 "modernc.org/libc",
 "modernc.org/libc/sys/types",
 "modernc.org/libc/uuid/uuid",
 "modernc.org/mathutil",
 "modernc.org/memory",
 "modernc.org/sqlite",
 "modernc.org/sqlite/lib",
 "modernc.org/sqlite/vtab",
 "net",
 "net/http",
 "net/http/httptrace",
 "net/http/internal",
 "net/http/internal/ascii",
 "net/http/internal/http2",
 "net/http/internal/httpcommon",
 "net/http/internal/httpsfv",
 "net/netip",
 "net/textproto",
 "net/url",
 "os",
 "os/exec",
 "os/signal",
 "os/user",
 "path",
 "path/filepath",
 "reflect",
 "regexp",
 "regexp/syntax",
 "runtime",
 "runtime/cgo",
 "runtime/debug",
 "slices",
 "sort",
 "strconv",
 "strings",
 "sync",
 "sync/atomic",
 "syscall",
 "text/tabwriter",
 "text/template",
 "text/template/parse",
 "time",
 "unicode",
 "unicode/utf16",
 "unicode/utf8",
 "unique",
 "unsafe",
 "uuid",
 "vendor/golang.org/x/crypto/chacha20",
 "vendor/golang.org/x/crypto/chacha20poly1305",
 "vendor/golang.org/x/crypto/cryptobyte",
 "vendor/golang.org/x/crypto/cryptobyte/asn1",
 "vendor/golang.org/x/crypto/internal/alias",
 "vendor/golang.org/x/crypto/internal/poly1305",
 "vendor/golang.org/x/net/dns/dnsmessage",
 "vendor/golang.org/x/net/http/httpguts",
 "vendor/golang.org/x/net/http/httpproxy",
 "vendor/golang.org/x/net/http2/hpack",
 "vendor/golang.org/x/net/idna",
 "vendor/golang.org/x/sys/cpu",
 "vendor/golang.org/x/text/secure/bidirule",
 "vendor/golang.org/x/text/transform",
 "vendor/golang.org/x/text/unicode/bidi",
 "vendor/golang.org/x/text/unicode/norm",
 "weak"
 ],
 "TestGoFiles": [
 "cmd_consolidate_test.go",
 "cmd_constitution_test.go",
 "cmd_docs_test.go",
 "cmd_doctor_compaction_test.go",
 "cmd_doctor_liveness_test.go",
 "cmd_doctor_opencode_test.go",
 "cmd_footprint_test.go",
 "cmd_get_test.go",
 "cmd_hook_bootstrap_test.go",
 "cmd_hook_checkpoint_test.go",
 "cmd_hook_delivery_test.go",
 "cmd_hook_liveness_test.go",
 "cmd_hook_plan_test.go",
 "cmd_install_cleanup_test.go",
 "cmd_install_protocol_test.go",
 "cmd_mass_test.go",
 "cmd_mcp_gate_test.go",
 "cmd_mcp_memory_resource_test.go",
 "cmd_mcp_octopus_report_test.go",
 "cmd_mcp_render_test.go",
 "cmd_mcp_review_metrics_test.go",
 "cmd_mcp_schemas_test.go",
 "cmd_mcp_session_summary_test.go",
 "cmd_mcp_setup_hooks_test.go",
 "cmd_mcp_setup_test.go",
 "cmd_mcp_usage_test.go",
 "cmd_octopus_test.go",
 "cmd_plan_context_test.go",
 "cmd_save_gate_test.go",
 "cmd_save_test.go",
 "cmd_uninstall_opencode_test.go",
 "cmd_uninstall_test.go",
 "cmd_update_test.go",
 "cmd_usage_test.go",
 "codex_gomemory_hooks_test.go",
 "codex_hooks_migration_test.go",
 "hook_dialect_flags_test.go",
 "hook_dialect_test.go",
 "hook_marker_test.go",
 "hook_plan_prompt_review_test.go",
 "hook_plan_prompt_test.go",
 "hook_prompt_dialect_test.go",
 "nudge_test.go",
 "pending_preparado_test.go",
 "plan_episode_test.go",
 "save_gate_notice_test.go",
 "seeds_test.go",
 "testmain_test.go",
 "transcript_test.go"
 ],
 "TestImports": [
 "archive/tar",
 "archive/zip",
 "bytes",
 "compress/gzip",
 "context",
 "database/sql",
 "encoding/json",
 "errors",
 "fmt",
 "github.com/google/jsonschema-go/jsonschema",
 "github.com/modelcontextprotocol/go-sdk/mcp",
 "github.com/pelletier/go-toml/v2",
 "io",
 "mem/adapters/primary/setup",
 "mem/adapters/secondary/persistence",
 "mem/adapters/secondary/tokens",
 "mem/adapters/secondary/usage",
 "mem/application/ports",
 "mem/application/usecases",
 "mem/domain",
 "net/http",
 "net/http/httptest",
 "os",
 "os/exec",
 "path/filepath",
 "reflect",
 "runtime",
 "sort",
 "strings",
 "sync",
 "testing",
 "testing/fstest",
 "time"
 ]
 },
 {
 "Dir": "/repo/adapters/primary/setup",
 "ImportPath": "mem/adapters/primary/setup",
 "Name": "setup",
 "Root": "/repo",
 "Module": {
 "Path": "mem",
 "Main": true,
 "Dir": "/repo",
 "GoMod": "/repo/go.mod",
 "GoVersion": "1.27.0"
 },
 "Match": [
 "./..."
 ],
 "GoFiles": [
 "activation_inspect.go",
 "agent_skills_setup.go",
 "atomic_plan_global.go",
 "atomic_plan_setup.go",
 "claude_code_setup.go",
 "codex_setup.go",
 "constitution_setup.go",
 "opencode_plugin_inspect.go",
 "opencode_setup.go",
 "setup.go",
 "speckit_extension.go"
 ],
 "Imports": [
 "bytes",
 "context",
 "encoding/json",
 "fmt",
 "github.com/pelletier/go-toml/v2",
 "io/fs",
 "mem/adapters/secondary/persistence",
 "mem/domain",
 "mem/version",
 "os",
 "os/exec",
 "path/filepath",
 "regexp",
 "slices",
 "sort",
 "strconv",
 "strings",
 "sync",
 "text/template",
 "time"
 ],
 "Deps": [
 "bytes",
 "cmp",
 "context",
 "crypto",
 "crypto/cipher",
 "crypto/fips140",
 "crypto/internal/boring",
 "crypto/internal/boring/sig",
 "crypto/internal/constanttime",
 "crypto/internal/entropy/v1.0.0",
 "crypto/internal/fips140",
 "crypto/internal/fips140/aes",
 "crypto/internal/fips140/aes/gcm",
 "crypto/internal/fips140/alias",
 "crypto/internal/fips140/check",
 "crypto/internal/fips140/drbg",
 "crypto/internal/fips140/hmac",
 "crypto/internal/fips140/sha256",
 "crypto/internal/fips140/sha3",
 "crypto/internal/fips140/sha512",
 "crypto/internal/fips140/subtle",
 "crypto/internal/fips140deps/byteorder",
 "crypto/internal/fips140deps/cpu",
 "crypto/internal/fips140deps/godebug",
 "crypto/internal/fips140deps/time",
 "crypto/internal/fips140only",
 "crypto/internal/impl",
 "crypto/internal/rand",
 "crypto/internal/randutil",
 "crypto/internal/sysrand",
 "crypto/md5",
 "crypto/rand",
 "crypto/sha1",
 "crypto/sha256",
 "crypto/subtle",
 "database/sql",
 "database/sql/driver",
 "database/sql/internal",
 "encoding",
 "encoding/base32",
 "encoding/base64",
 "encoding/binary",
 "encoding/hex",
 "encoding/json",
 "encoding/json/internal",
 "encoding/json/internal/jsonflags",
 "encoding/json/internal/jsonopts",
 "encoding/json/internal/jsonwire",
 "encoding/json/jsontext",
 "encoding/json/v2",
 "errors",
 "fmt",
 "github.com/dustin/go-humanize",
 "github.com/google/uuid",
 "github.com/pelletier/go-toml/v2",
 "github.com/pelletier/go-toml/v2/internal/parserbridge",
 "github.com/pelletier/go-toml/v2/internal/tracker",
 "github.com/pelletier/go-toml/v2/unstable",
 "github.com/remyoudompheng/bigfft",
 "golang.org/x/sys/unix",
 "hash",
 "internal/abi",
 "internal/asan",
 "internal/bisect",
 "internal/bytealg",
 "internal/byteorder",
 "internal/chacha8rand",
 "internal/coverage/rtcov",
 "internal/cpu",
 "internal/filepathlite",
 "internal/fmtsort",
 "internal/goarch",
 "internal/godebug",
 "internal/godebugs",
 "internal/goexperiment",
 "internal/goos",
 "internal/msan",
 "internal/nettrace",
 "internal/oserror",
 "internal/poll",
 "internal/profilerecord",
 "internal/race",
 "internal/reflectlite",
 "internal/runtime/atomic",
 "internal/runtime/cgroup",
 "internal/runtime/exithook",
 "internal/runtime/gc",
 "internal/runtime/gc/scan",
 "internal/runtime/maps",
 "internal/runtime/math",
 "internal/runtime/pprof/label",
 "internal/runtime/sys",
 "internal/runtime/syscall/linux",
 "internal/singleflight",
 "internal/strconv",
 "internal/stringslite",
 "internal/sync",
 "internal/synctest",
 "internal/syscall/execenv",
 "internal/syscall/unix",
 "internal/testlog",
 "internal/trace/tracev2",
 "internal/unsafeheader",
 "io",
 "io/fs",
 "iter",
 "maps",
 "math",
 "math/big",
 "math/bits",
 "math/rand",
 "math/rand/v2",
 "mem/adapters/secondary/persistence",
 "mem/application/ports",
 "mem/domain",
 "mem/version",
 "modernc.org/libc",
 "modernc.org/libc/sys/types",
 "modernc.org/libc/uuid/uuid",
 "modernc.org/mathutil",
 "modernc.org/memory",
 "modernc.org/sqlite",
 "modernc.org/sqlite/lib",
 "modernc.org/sqlite/vtab",
 "net",
 "net/netip",
 "net/url",
 "os",
 "os/exec",
 "os/signal",
 "path",
 "path/filepath",
 "reflect",
 "regexp",
 "regexp/syntax",
 "runtime",
 "runtime/cgo",
 "runtime/debug",
 "slices",
 "sort",
 "strconv",
 "strings",
 "sync",
 "sync/atomic",
 "syscall",
 "text/template",
 "text/template/parse",
 "time",
 "unicode",
 "unicode/utf16",
 "unicode/utf8",
 "unique",
 "unsafe",
 "uuid",
 "vendor/golang.org/x/net/dns/dnsmessage",
 "weak"
 ],
 "TestGoFiles": [
 "activation_inspect_test.go",
 "agent_skills_setup_test.go",
 "atomic_plan_global_test.go",
 "atomic_plan_setup_test.go",
 "claude_code_hooks_test.go",
 "claude_code_permissions_test.go",
 "claude_code_postcompact_test.go",
 "claude_code_setup_test.go",
 "codex_subagent_stop_test.go",
 "constitution_setup_test.go",
 "matrix_agreement_test.go",
 "opencode_global_test.go",
 "opencode_permissions_test.go",
 "opencode_plugin_inspect_test.go",
 "setup_test.go",
 "speckit_extension_test.go",
 "testmain_test.go"
 ],
 "TestImports": [
 "embed",
 "encoding/json",
 "io/fs",
 "mem/adapters/secondary/persistence",
 "mem/domain",
 "os",
 "path/filepath",
 "reflect",
 "strings",
 "testing",
 "testing/fstest",
 "time"
 ],
 "TestEmbedPatterns": [
 "testdata",
 "testdata/speckit-templates"
 ]
 },
 {
 "Dir": "/repo/adapters/primary/tui",
 "ImportPath": "mem/adapters/primary/tui",
 "Name": "tui",
 "Root": "/repo",
 "Module": {
 "Path": "mem",
 "Main": true,
 "Dir": "/repo",
 "GoMod": "/repo/go.mod",
 "GoVersion": "1.27.0"
 },
 "Match": [
 "./..."
 ],
 "GoFiles": [
 "styles.go",
 "tui.go",
 "tui_docs.go",
 "tui_usage.go"
 ],
 "Imports": [
 "charm.land/bubbles/v2/textinput",
 "charm.land/bubbletea/v2",
 "charm.land/lipgloss/v2",
 "context",
 "errors",
 "fmt",
 "github.com/charmbracelet/x/ansi",
 "github.com/dustin/go-humanize",
 "image/color",
 "mem/application/ports",
 "mem/application/usecases",
 "mem/domain",
 "os",
 "path/filepath",
 "strconv",
 "strings",
 "time"
 ],
 "Deps": [
 "bufio",
 "bytes",
 "charm.land/bubbles/v2/cursor",
 "charm.land/bubbles/v2/internal/runeutil",
 "charm.land/bubbles/v2/key",
 "charm.land/bubbles/v2/textinput",
 "charm.land/bubbletea/v2",
 "charm.land/lipgloss/v2",
 "cmp",
 "compress/flate",
 "compress/zlib",
 "context",
 "crypto",
 "crypto/cipher",
 "crypto/fips140",
 "crypto/internal/boring",
 "crypto/internal/boring/sig",
 "crypto/internal/constanttime",
 "crypto/internal/entropy/v1.0.0",
 "crypto/internal/fips140",
 "crypto/internal/fips140/aes",
 "crypto/internal/fips140/aes/gcm",
 "crypto/internal/fips140/alias",
 "crypto/internal/fips140/check",
 "crypto/internal/fips140/drbg",
 "crypto/internal/fips140/hmac",
 "crypto/internal/fips140/sha256",
 "crypto/internal/fips140/sha3",
 "crypto/internal/fips140/sha512",
 "crypto/internal/fips140/subtle",
 "crypto/internal/fips140deps/byteorder",
 "crypto/internal/fips140deps/cpu",
 "crypto/internal/fips140deps/godebug",
 "crypto/internal/fips140deps/time",
 "crypto/internal/fips140only",
 "crypto/internal/impl",
 "crypto/internal/rand",
 "crypto/internal/randutil",
 "crypto/internal/sysrand",
 "crypto/md5",
 "crypto/rand",
 "crypto/sha1",
 "crypto/sha256",
 "crypto/subtle",
 "database/sql/driver",
 "database/sql/internal",
 "encoding",
 "encoding/base32",
 "encoding/base64",
 "encoding/binary",
 "encoding/hex",
 "encoding/json",
 "encoding/json/internal",
 "encoding/json/internal/jsonflags",
 "encoding/json/internal/jsonopts",
 "encoding/json/internal/jsonwire",
 "encoding/json/jsontext",
 "encoding/json/v2",
 "errors",
 "fmt",
 "github.com/atotto/clipboard",
 "github.com/charmbracelet/colorprofile",
 "github.com/charmbracelet/ultraviolet",
 "github.com/charmbracelet/x/ansi",
 "github.com/charmbracelet/x/ansi/kitty",
 "github.com/charmbracelet/x/ansi/parser",
 "github.com/charmbracelet/x/term",
 "github.com/charmbracelet/x/termios",
 "github.com/charmbracelet/x/windows",
 "github.com/clipperhouse/displaywidth",
 "github.com/clipperhouse/uax29/v2/graphemes",
 "github.com/dustin/go-humanize",
 "github.com/google/uuid",
 "github.com/lucasb-eyer/go-colorful",
 "github.com/mattn/go-runewidth",
 "github.com/muesli/cancelreader",
 "github.com/rivo/uniseg",
 "github.com/xo/terminfo",
 "go/ast",
 "go/build/constraint",
 "go/doc/comment",
 "go/parser",
 "go/printer",
 "go/scanner",
 "go/token",
 "golang.org/x/sync/errgroup",
 "golang.org/x/sys/unix",
 "hash",
 "hash/adler32",
 "hash/crc32",
 "hash/maphash",
 "image",
 "image/color",
 "image/png",
 "internal/abi",
 "internal/asan",
 "internal/bisect",
 "internal/bytealg",
 "internal/byteorder",
 "internal/chacha8rand",
 "internal/coverage/rtcov",
 "internal/cpu",
 "internal/filepathlite",
 "internal/fmtsort",
 "internal/goarch",
 "internal/godebug",
 "internal/godebugs",
 "internal/goexperiment",
 "internal/goos",
 "internal/msan",
 "internal/nettrace",
 "internal/oserror",
 "internal/poll",
 "internal/profilerecord",
 "internal/race",
 "internal/reflectlite",
 "internal/runtime/atomic",
 "internal/runtime/cgroup",
 "internal/runtime/exithook",
 "internal/runtime/gc",
 "internal/runtime/gc/scan",
 "internal/runtime/maps",
 "internal/runtime/math",
 "internal/runtime/pprof/label",
 "internal/runtime/sys",
 "internal/runtime/syscall/linux",
 "internal/singleflight",
 "internal/strconv",
 "internal/stringslite",
 "internal/sync",
 "internal/synctest",
 "internal/syscall/execenv",
 "internal/syscall/unix",
 "internal/testlog",
 "internal/trace/tracev2",
 "internal/unsafeheader",
 "io",
 "io/fs",
 "io/ioutil",
 "iter",
 "log",
 "log/internal",
 "math",
 "math/big",
 "math/bits",
 "math/rand",
 "math/rand/v2",
 "mem/application/ports",
 "mem/application/usecases",
 "mem/domain",
 "net",
 "net/netip",
 "net/url",
 "os",
 "os/exec",
 "os/signal",
 "os/user",
 "path",
 "path/filepath",
 "reflect",
 "regexp",
 "regexp/syntax",
 "runtime",
 "runtime/cgo",
 "runtime/debug",
 "slices",
 "sort",
 "strconv",
 "strings",
 "sync",
 "sync/atomic",
 "syscall",
 "text/tabwriter",
 "time",
 "unicode",
 "unicode/utf16",
 "unicode/utf8",
 "unique",
 "unsafe",
 "uuid",
 "vendor/golang.org/x/net/dns/dnsmessage",
 "weak"
 ],
 "TestGoFiles": [
 "testmain_test.go",
 "tui_compact_notice_test.go",
 "tui_docs_test.go",
 "tui_test.go",
 "tui_usage_test.go"
 ],
 "TestImports": [
 "charm.land/bubbles/v2/textinput",
 "charm.land/bubbletea/v2",
 "context",
 "database/sql",
 "fmt",
 "github.com/charmbracelet/x/ansi",
 "mem/adapters/secondary/persistence",
 "mem/application/ports",
 "mem/application/usecases",
 "mem/domain",
 "os",
 "path/filepath",
 "strconv",
 "strings",
 "testing"
 ]
 },
 {
 "Dir": "/repo/adapters/secondary/codegraph/codebasememory",
 "ImportPath": "mem/adapters/secondary/codegraph/codebasememory",
 "Name": "codebasememory",
 "Doc": "Package codebasememory adapta el CLI de codebase-memory-mcp (DeusData) como un CodeGraphProvider OPCIONAL de gomemory.",
 "Root": "/repo",
 "Module": {
 "Path": "mem",
 "Main": true,
 "Dir": "/repo",
 "GoMod": "/repo/go.mod",
 "GoVersion": "1.27.0"
 },
 "Match": [
 "./..."
 ],
 "GoFiles": [
 "proc_unix.go",
 "provider.go"
 ],
 "IgnoredGoFiles": [
 "proc_windows.go"
 ],
 "Imports": [
 "context",
 "crypto/sha256",
 "encoding/json",
 "fmt",
 "mem/application/ports",
 "mem/domain",
 "os",
 "os/exec",
 "path/filepath",
 "regexp",
 "sort",
 "sync",
 "syscall",
 "time"
 ],
 "Deps": [
 "bytes",
 "cmp",
 "context",
 "crypto",
 "crypto/cipher",
 "crypto/fips140",
 "crypto/internal/boring",
 "crypto/internal/boring/sig",
 "crypto/internal/constanttime",
 "crypto/internal/entropy/v1.0.0",
 "crypto/internal/fips140",
 "crypto/internal/fips140/aes",
 "crypto/internal/fips140/aes/gcm",
 "crypto/internal/fips140/alias",
 "crypto/internal/fips140/check",
 "crypto/internal/fips140/drbg",
 "crypto/internal/fips140/hmac",
 "crypto/internal/fips140/sha256",
 "crypto/internal/fips140/sha3",
 "crypto/internal/fips140/sha512",
 "crypto/internal/fips140/subtle",
 "crypto/internal/fips140deps/byteorder",
 "crypto/internal/fips140deps/cpu",
 "crypto/internal/fips140deps/godebug",
 "crypto/internal/fips140deps/time",
 "crypto/internal/fips140only",
 "crypto/internal/impl",
 "crypto/internal/rand",
 "crypto/internal/randutil",
 "crypto/internal/sysrand",
 "crypto/rand",
 "crypto/sha256",
 "crypto/subtle",
 "encoding",
 "encoding/base32",
 "encoding/base64",
 "encoding/binary",
 "encoding/hex",
 "encoding/json",
 "encoding/json/internal",
 "encoding/json/internal/jsonflags",
 "encoding/json/internal/jsonopts",
 "encoding/json/internal/jsonwire",
 "encoding/json/jsontext",
 "encoding/json/v2",
 "errors",
 "fmt",
 "hash",
 "internal/abi",
 "internal/asan",
 "internal/bisect",
 "internal/bytealg",
 "internal/byteorder",
 "internal/chacha8rand",
 "internal/coverage/rtcov",
 "internal/cpu",
 "internal/filepathlite",
 "internal/fmtsort",
 "internal/goarch",
 "internal/godebug",
 "internal/godebugs",
 "internal/goexperiment",
 "internal/goos",
 "internal/msan",
 "internal/oserror",
 "internal/poll",
 "internal/profilerecord",
 "internal/race",
 "internal/reflectlite",
 "internal/runtime/atomic",
 "internal/runtime/cgroup",
 "internal/runtime/exithook",
 "internal/runtime/gc",
 "internal/runtime/gc/scan",
 "internal/runtime/maps",
 "internal/runtime/math",
 "internal/runtime/pprof/label",
 "internal/runtime/sys",
 "internal/runtime/syscall/linux",
 "internal/strconv",
 "internal/stringslite",
 "internal/sync",
 "internal/synctest",
 "internal/syscall/execenv",
 "internal/syscall/unix",
 "internal/testlog",
 "internal/trace/tracev2",
 "internal/unsafeheader",
 "io",
 "io/fs",
 "iter",
 "math",
 "math/big",
 "math/bits",
 "math/rand",
 "math/rand/v2",
 "mem/application/ports",
 "mem/domain",
 "os",
 "os/exec",
 "path",
 "path/filepath",
 "reflect",
 "regexp",
 "regexp/syntax",
 "runtime",
 "slices",
 "sort",
 "strconv",
 "strings",
 "sync",
 "sync/atomic",
 "syscall",
 "time",
 "unicode",
 "unicode/utf16",
 "unicode/utf8",
 "unsafe"
 ],
 "TestGoFiles": [
 "provider_test.go"
 ],
 "TestImports": [
 "context",
 "encoding/json",
 "errors",
 "mem/application/ports",
 "mem/domain",
 "os",
 "path/filepath",
 "testing",
 "time"
 ]
 },
 {
 "Dir": "/repo/adapters/secondary/compression",
 "ImportPath": "mem/adapters/secondary/compression",
 "Name": "compression",
 "Doc": "Package compression contiene los adaptadores del puerto ports.Compressor.",
 "Root": "/repo",
 "Module": {
 "Path": "mem",
 "Main": true,
 "Dir": "/repo",
 "GoMod": "/repo/go.mod",
 "GoVersion": "1.27.0"
 },
 "Match": [
 "./..."
 ],
 "GoFiles": [
 "noop.go",
 "structural.go"
 ],
 "Imports": [
 "mem/application/ports",
 "regexp",
 "strconv",
 "strings"
 ],
 "Deps": [
 "bytes",
 "cmp",
 "context",
 "crypto",
 "crypto/cipher",
 "crypto/fips140",
 "crypto/internal/boring",
 "crypto/internal/boring/sig",
 "crypto/internal/constanttime",
 "crypto/internal/entropy/v1.0.0",
 "crypto/internal/fips140",
 "crypto/internal/fips140/aes",
 "crypto/internal/fips140/aes/gcm",
 "crypto/internal/fips140/alias",
 "crypto/internal/fips140/check",
 "crypto/internal/fips140/drbg",
 "crypto/internal/fips140/hmac",
 "crypto/internal/fips140/sha256",
 "crypto/internal/fips140/sha3",
 "crypto/internal/fips140/sha512",
 "crypto/internal/fips140/subtle",
 "crypto/internal/fips140deps/byteorder",
 "crypto/internal/fips140deps/cpu",
 "crypto/internal/fips140deps/godebug",
 "crypto/internal/fips140deps/time",
 "crypto/internal/fips140only",
 "crypto/internal/impl",
 "crypto/internal/rand",
 "crypto/internal/randutil",
 "crypto/internal/sysrand",
 "crypto/rand",
 "crypto/sha256",
 "crypto/subtle",
 "encoding/hex",
 "errors",
 "fmt",
 "hash",
 "internal/abi",
 "internal/asan",
 "internal/bisect",
 "internal/bytealg",
 "internal/byteorder",
 "internal/chacha8rand",
 "internal/coverage/rtcov",
 "internal/cpu",
 "internal/filepathlite",
 "internal/fmtsort",
 "internal/goarch",
 "internal/godebug",
 "internal/godebugs",
 "internal/goexperiment",
 "internal/goos",
 "internal/msan",
 "internal/oserror",
 "internal/poll",
 "internal/profilerecord",
 "internal/race",
 "internal/reflectlite",
 "internal/runtime/atomic",
 "internal/runtime/cgroup",
 "internal/runtime/exithook",
 "internal/runtime/gc",
 "internal/runtime/gc/scan",
 "internal/runtime/maps",
 "internal/runtime/math",
 "internal/runtime/pprof/label",
 "internal/runtime/sys",
 "internal/runtime/syscall/linux",
 "internal/strconv",
 "internal/stringslite",
 "internal/sync",
 "internal/synctest",
 "internal/syscall/execenv",
 "internal/syscall/unix",
 "internal/testlog",
 "internal/trace/tracev2",
 "internal/unsafeheader",
 "io",
 "io/fs",
 "iter",
 "math",
 "math/big",
 "math/bits",
 "math/rand",
 "math/rand/v2",
 "mem/application/ports",
 "mem/domain",
 "os",
 "path",
 "path/filepath",
 "reflect",
 "regexp",
 "regexp/syntax",
 "runtime",
 "slices",
 "sort",
 "strconv",
 "strings",
 "sync",
 "sync/atomic",
 "syscall",
 "time",
 "unicode",
 "unicode/utf8",
 "unsafe"
 ],
 "TestGoFiles": [
 "compression_test.go"
 ],
 "TestImports": [
 "mem/application/ports",
 "strings",
 "testing"
 ]
 },
 {
 "Dir": "/repo/adapters/secondary/persistence",
 "ImportPath": "mem/adapters/secondary/persistence",
 "Name": "persistence",
 "Root": "/repo",
 "Module": {
 "Path": "mem",
 "Main": true,
 "Dir": "/repo",
 "GoMod": "/repo/go.mod",
 "GoVersion": "1.27.0"
 },
 "Match": [
 "./..."
 ],
 "GoFiles": [
 "adr_sync.go",
 "channel_activity.go",
 "code_graph.go",
 "context_delivery.go",
 "db.go",
 "globalstore.go",
 "maintenance.go",
 "memory.go",
 "octopus.go",
 "relation.go",
 "repositories.go",
 "review.go",
 "session.go",
 "settings.go",
 "usage.go"
 ],
 "Imports": [
 "context",
 "crypto/rand",
 "crypto/sha256",
 "database/sql",
 "database/sql/driver",
 "encoding/hex",
 "encoding/json",
 "errors",
 "fmt",
 "io",
 "mem/application/ports",
 "mem/domain",
 "modernc.org/sqlite",
 "os",
 "path/filepath",
 "regexp",
 "runtime",
 "strings",
 "sync",
 "time"
 ],
 "Deps": [
 "bytes",
 "cmp",
 "context",
 "crypto",
 "crypto/cipher",
 "crypto/fips140",
 "crypto/internal/boring",
 "crypto/internal/boring/sig",
 "crypto/internal/constanttime",
 "crypto/internal/entropy/v1.0.0",
 "crypto/internal/fips140",
 "crypto/internal/fips140/aes",
 "crypto/internal/fips140/aes/gcm",
 "crypto/internal/fips140/alias",
 "crypto/internal/fips140/check",
 "crypto/internal/fips140/drbg",
 "crypto/internal/fips140/hmac",
 "crypto/internal/fips140/sha256",
 "crypto/internal/fips140/sha3",
 "crypto/internal/fips140/sha512",
 "crypto/internal/fips140/subtle",
 "crypto/internal/fips140deps/byteorder",
 "crypto/internal/fips140deps/cpu",
 "crypto/internal/fips140deps/godebug",
 "crypto/internal/fips140deps/time",
 "crypto/internal/fips140only",
 "crypto/internal/impl",
 "crypto/internal/rand",
 "crypto/internal/randutil",
 "crypto/internal/sysrand",
 "crypto/md5",
 "crypto/rand",
 "crypto/sha1",
 "crypto/sha256",
 "crypto/subtle",
 "database/sql",
 "database/sql/driver",
 "database/sql/internal",
 "encoding",
 "encoding/base32",
 "encoding/base64",
 "encoding/binary",
 "encoding/hex",
 "encoding/json",
 "encoding/json/internal",
 "encoding/json/internal/jsonflags",
 "encoding/json/internal/jsonopts",
 "encoding/json/internal/jsonwire",
 "encoding/json/jsontext",
 "encoding/json/v2",
 "errors",
 "fmt",
 "github.com/dustin/go-humanize",
 "github.com/google/uuid",
 "github.com/remyoudompheng/bigfft",
 "golang.org/x/sys/unix",
 "hash",
 "internal/abi",
 "internal/asan",
 "internal/bisect",
 "internal/bytealg",
 "internal/byteorder",
 "internal/chacha8rand",
 "internal/coverage/rtcov",
 "internal/cpu",
 "internal/filepathlite",
 "internal/fmtsort",
 "internal/goarch",
 "internal/godebug",
 "internal/godebugs",
 "internal/goexperiment",
 "internal/goos",
 "internal/msan",
 "internal/nettrace",
 "internal/oserror",
 "internal/poll",
 "internal/profilerecord",
 "internal/race",
 "internal/reflectlite",
 "internal/runtime/atomic",
 "internal/runtime/cgroup",
 "internal/runtime/exithook",
 "internal/runtime/gc",
 "internal/runtime/gc/scan",
 "internal/runtime/maps",
 "internal/runtime/math",
 "internal/runtime/pprof/label",
 "internal/runtime/sys",
 "internal/runtime/syscall/linux",
 "internal/singleflight",
 "internal/strconv",
 "internal/stringslite",
 "internal/sync",
 "internal/synctest",
 "internal/syscall/execenv",
 "internal/syscall/unix",
 "internal/testlog",
 "internal/trace/tracev2",
 "internal/unsafeheader",
 "io",
 "io/fs",
 "iter",
 "maps",
 "math",
 "math/big",
 "math/bits",
 "math/rand",
 "math/rand/v2",
 "mem/application/ports",
 "mem/domain",
 "modernc.org/libc",
 "modernc.org/libc/sys/types",
 "modernc.org/libc/uuid/uuid",
 "modernc.org/mathutil",
 "modernc.org/memory",
 "modernc.org/sqlite",
 "modernc.org/sqlite/lib",
 "modernc.org/sqlite/vtab",
 "net",
 "net/netip",
 "net/url",
 "os",
 "os/exec",
 "os/signal",
 "path",
 "path/filepath",
 "reflect",
 "regexp",
 "regexp/syntax",
 "runtime",
 "runtime/cgo",
 "runtime/debug",
 "slices",
 "sort",
 "strconv",
 "strings",
 "sync",
 "sync/atomic",
 "syscall",
 "time",
 "unicode",
 "unicode/utf16",
 "unicode/utf8",
 "unique",
 "unsafe",
 "uuid",
 "vendor/golang.org/x/net/dns/dnsmessage",
 "weak"
 ],
 "TestGoFiles": [
 "adr_sync_test.go",
 "backup_test.go",
 "channel_activity_test.go",
 "code_graph_test.go",
 "context_delivery_test.go",
 "db_test.go",
 "globalstore_test.go",
 "memory_acr_triage_test.go",
 "memory_dedup_internal_test.go",
 "memory_lineage_projection_test.go",
 "memory_search_test.go",
 "memory_seed_test.go",
 "memory_session_test.go",
 "memory_synapse_test.go",
 "memory_test.go",
 "memory_topic_key_test.go",
 "octopus_test.go",
 "origin_prompt_test.go",
 "permissions_test.go",
 "redact_persistence_test.go",
 "review_test.go",
 "session_summary_test.go",
 "session_test.go",
 "settings_compact_notice_test.go",
 "settings_test.go",
 "testmain_test.go",
 "usage_test.go"
 ],
 "TestImports": [
 "context",
 "database/sql",
 "encoding/json",
 "errors",
 "fmt",
 "mem/application/ports",
 "mem/domain",
 "os",
 "path/filepath",
 "reflect",
 "runtime",
 "strings",
 "sync",
 "testing",
 "time"
 ],
 "XTestGoFiles": [
 "memory_dedup_session_test.go",
 "memory_dedup_test.go"
 ],
 "XTestImports": [
 "fmt",
 "mem/adapters/secondary/persistence",
 "mem/domain",
 "testing"
 ]
 },
 {
 "Dir": "/repo/adapters/secondary/speckit",
 "ImportPath": "mem/adapters/secondary/speckit",
 "Name": "speckit",
 "Doc": "Package speckit implementa ports.SpecKitReader: lectura directa de archivos (sin caché, sin base de datos) de los artefactos que ya produce Spec Kit en este proyecto (feature 015, research.md §1).",
 "Root": "/repo",
 "Module": {
 "Path": "mem",
 "Main": true,
 "Dir": "/repo",
 "GoMod": "/repo/go.mod",
 "GoVersion": "1.27.0"
 },
 "Match": [
 "./..."
 ],
 "GoFiles": [
 "reader.go"
 ],
 "Imports": [
 "encoding/json",
 "mem/application/ports",
 "mem/domain",
 "os",
 "path/filepath",
 "strings",
 "unicode"
 ],
 "Deps": [
 "bytes",
 "cmp",
 "context",
 "crypto",
 "crypto/cipher",
 "crypto/fips140",
 "crypto/internal/boring",
 "crypto/internal/boring/sig",
 "crypto/internal/constanttime",
 "crypto/internal/entropy/v1.0.0",
 "crypto/internal/fips140",
 "crypto/internal/fips140/aes",
 "crypto/internal/fips140/aes/gcm",
 "crypto/internal/fips140/alias",
 "crypto/internal/fips140/check",
 "crypto/internal/fips140/drbg",
 "crypto/internal/fips140/hmac",
 "crypto/internal/fips140/sha256",
 "crypto/internal/fips140/sha3",
 "crypto/internal/fips140/sha512",
 "crypto/internal/fips140/subtle",
 "crypto/internal/fips140deps/byteorder",
 "crypto/internal/fips140deps/cpu",
 "crypto/internal/fips140deps/godebug",
 "crypto/internal/fips140deps/time",
 "crypto/internal/fips140only",
 "crypto/internal/impl",
 "crypto/internal/rand",
 "crypto/internal/randutil",
 "crypto/internal/sysrand",
 "crypto/rand",
 "crypto/sha256",
 "crypto/subtle",
 "encoding",
 "encoding/base32",
 "encoding/base64",
 "encoding/binary",
 "encoding/hex",
 "encoding/json",
 "encoding/json/internal",
 "encoding/json/internal/jsonflags",
 "encoding/json/internal/jsonopts",
 "encoding/json/internal/jsonwire",
 "encoding/json/jsontext",
 "encoding/json/v2",
 "errors",
 "fmt",
 "hash",
 "internal/abi",
 "internal/asan",
 "internal/bisect",
 "internal/bytealg",
 "internal/byteorder",
 "internal/chacha8rand",
 "internal/coverage/rtcov",
 "internal/cpu",
 "internal/filepathlite",
 "internal/fmtsort",
 "internal/goarch",
 "internal/godebug",
 "internal/godebugs",
 "internal/goexperiment",
 "internal/goos",
 "internal/msan",
 "internal/oserror",
 "internal/poll",
 "internal/profilerecord",
 "internal/race",
 "internal/reflectlite",
 "internal/runtime/atomic",
 "internal/runtime/cgroup",
 "internal/runtime/exithook",
 "internal/runtime/gc",
 "internal/runtime/gc/scan",
 "internal/runtime/maps",
 "internal/runtime/math",
 "internal/runtime/pprof/label",
 "internal/runtime/sys",
 "internal/runtime/syscall/linux",
 "internal/strconv",
 "internal/stringslite",
 "internal/sync",
 "internal/synctest",
 "internal/syscall/execenv",
 "internal/syscall/unix",
 "internal/testlog",
 "internal/trace/tracev2",
 "internal/unsafeheader",
 "io",
 "io/fs",
 "iter",
 "math",
 "math/big",
 "math/bits",
 "math/rand",
 "math/rand/v2",
 "mem/application/ports",
 "mem/domain",
 "os",
 "path",
 "path/filepath",
 "reflect",
 "regexp",
 "regexp/syntax",
 "runtime",
 "slices",
 "sort",
 "strconv",
 "strings",
 "sync",
 "sync/atomic",
 "syscall",
 "time",
 "unicode",
 "unicode/utf16",
 "unicode/utf8",
 "unsafe"
 ],
 "TestGoFiles": [
 "reader_test.go"
 ],
 "TestImports": [
 "os",
 "path/filepath",
 "strings",
 "testing"
 ]
 },
 {
 "Dir": "/repo/adapters/secondary/tokens",
 "ImportPath": "mem/adapters/secondary/tokens",
 "Name": "tokens",
 "Doc": "Package tokens contiene adaptadores del puerto ports.TokenCounter.",
 "Root": "/repo",
 "Module": {
 "Path": "mem",
 "Main": true,
 "Dir": "/repo",
 "GoMod": "/repo/go.mod",
 "GoVersion": "1.27.0"
 },
 "Match": [
 "./..."
 ],
 "GoFiles": [
 "approximate.go"
 ],
 "TestGoFiles": [
 "approximate_test.go"
 ],
 "TestImports": [
 "testing"
 ]
 },
 {
 "Dir": "/repo/adapters/secondary/usage",
 "ImportPath": "mem/adapters/secondary/usage",
 "Name": "usage",
 "Doc": "Package usage contiene el adaptador secundario que traduce las emisiones medidas de gomemory (ports.UsageRecorder) a filas persistidas (ports.UsageRepository), etiquetadas con el canal por el que salieron.",
 "Root": "/repo",
 "Module": {
 "Path": "mem",
 "Main": true,
 "Dir": "/repo",
 "GoMod": "/repo/go.mod",
 "GoVersion": "1.27.0"
 },
 "Match": [
 "./..."
 ],
 "GoFiles": [
 "recorder.go"
 ],
 "Imports": [
 "mem/application/ports",
 "mem/domain"
 ],
 "Deps": [
 "bytes",
 "cmp",
 "context",
 "crypto",
 "crypto/cipher",
 "crypto/fips140",
 "crypto/internal/boring",
 "crypto/internal/boring/sig",
 "crypto/internal/constanttime",
 "crypto/internal/entropy/v1.0.0",
 "crypto/internal/fips140",
 "crypto/internal/fips140/aes",
 "crypto/internal/fips140/aes/gcm",
 "crypto/internal/fips140/alias",
 "crypto/internal/fips140/check",
 "crypto/internal/fips140/drbg",
 "crypto/internal/fips140/hmac",
 "crypto/internal/fips140/sha256",
 "crypto/internal/fips140/sha3",
 "crypto/internal/fips140/sha512",
 "crypto/internal/fips140/subtle",
 "crypto/internal/fips140deps/byteorder",
 "crypto/internal/fips140deps/cpu",
 "crypto/internal/fips140deps/godebug",
 "crypto/internal/fips140deps/time",
 "crypto/internal/fips140only",
 "crypto/internal/impl",
 "crypto/internal/rand",
 "crypto/internal/randutil",
 "crypto/internal/sysrand",
 "crypto/rand",
 "crypto/sha256",
 "crypto/subtle",
 "encoding/hex",
 "errors",
 "fmt",
 "hash",
 "internal/abi",
 "internal/asan",
 "internal/bisect",
 "internal/bytealg",
 "internal/byteorder",
 "internal/chacha8rand",
 "internal/coverage/rtcov",
 "internal/cpu",
 "internal/filepathlite",
 "internal/fmtsort",
 "internal/goarch",
 "internal/godebug",
 "internal/godebugs",
 "internal/goexperiment",
 "internal/goos",
 "internal/msan",
 "internal/oserror",
 "internal/poll",
 "internal/profilerecord",
 "internal/race",
 "internal/reflectlite",
 "internal/runtime/atomic",
 "internal/runtime/cgroup",
 "internal/runtime/exithook",
 "internal/runtime/gc",
 "internal/runtime/gc/scan",
 "internal/runtime/maps",
 "internal/runtime/math",
 "internal/runtime/pprof/label",
 "internal/runtime/sys",
 "internal/runtime/syscall/linux",
 "internal/strconv",
 "internal/stringslite",
 "internal/sync",
 "internal/synctest",
 "internal/syscall/execenv",
 "internal/syscall/unix",
 "internal/testlog",
 "internal/trace/tracev2",
 "internal/unsafeheader",
 "io",
 "io/fs",
 "iter",
 "math",
 "math/big",
 "math/bits",
 "math/rand",
 "math/rand/v2",
 "mem/application/ports",
 "mem/domain",
 "os",
 "path",
 "path/filepath",
 "reflect",
 "regexp",
 "regexp/syntax",
 "runtime",
 "slices",
 "sort",
 "strconv",
 "strings",
 "sync",
 "sync/atomic",
 "syscall",
 "time",
 "unicode",
 "unicode/utf8",
 "unsafe"
 ],
 "TestGoFiles": [
 "recorder_test.go"
 ],
 "TestImports": [
 "errors",
 "mem/domain",
 "testing"
 ]
 },
 {
 "Dir": "/repo/application/ports",
 "ImportPath": "mem/application/ports",
 "Name": "ports",
 "Root": "/repo",
 "Module": {
 "Path": "mem",
 "Main": true,
 "Dir": "/repo",
 "GoMod": "/repo/go.mod",
 "GoVersion": "1.27.0"
 },
 "Match": [
 "./..."
 ],
 "GoFiles": [
 "activation.go",
 "adr_sync_provider.go",
 "adr_sync_repository.go",
 "channel_activity.go",
 "code_graph_indexer.go",
 "code_graph_provider.go",
 "code_graph_repository.go",
 "compressor.go",
 "consensus_repository.go",
 "context_builder.go",
 "delivery_log.go",
 "maintenance_repository.go",
 "memory_repository.go",
 "octopus_repository.go",
 "pinned_doc.go",
 "project_repository.go",
 "relation_repository.go",
 "review_repository.go",
 "session_memory.go",
 "session_repository.go",
 "session_summary.go",
 "settings_repository.go",
 "speckit_reader.go",
 "token_counter.go",
 "usage_recorder.go",
 "usage_repository.go"
 ],
 "Imports": [
 "context",
 "errors",
 "mem/domain",
 "time"
 ],
 "Deps": [
 "bytes",
 "cmp",
 "context",
 "crypto",
 "crypto/cipher",
 "crypto/fips140",
 "crypto/internal/boring",
 "crypto/internal/boring/sig",
 "crypto/internal/constanttime",
 "crypto/internal/entropy/v1.0.0",
 "crypto/internal/fips140",
 "crypto/internal/fips140/aes",
 "crypto/internal/fips140/aes/gcm",
 "crypto/internal/fips140/alias",
 "crypto/internal/fips140/check",
 "crypto/internal/fips140/drbg",
 "crypto/internal/fips140/hmac",
 "crypto/internal/fips140/sha256",
 "crypto/internal/fips140/sha3",
 "crypto/internal/fips140/sha512",
 "crypto/internal/fips140/subtle",
 "crypto/internal/fips140deps/byteorder",
 "crypto/internal/fips140deps/cpu",
 "crypto/internal/fips140deps/godebug",
 "crypto/internal/fips140deps/time",
 "crypto/internal/fips140only",
 "crypto/internal/impl",
 "crypto/internal/rand",
 "crypto/internal/randutil",
 "crypto/internal/sysrand",
 "crypto/rand",
 "crypto/sha256",
 "crypto/subtle",
 "encoding/hex",
 "errors",
 "fmt",
 "hash",
 "internal/abi",
 "internal/asan",
 "internal/bisect",
 "internal/bytealg",
 "internal/byteorder",
 "internal/chacha8rand",
 "internal/coverage/rtcov",
 "internal/cpu",
 "internal/filepathlite",
 "internal/fmtsort",
 "internal/goarch",
 "internal/godebug",
 "internal/godebugs",
 "internal/goexperiment",
 "internal/goos",
 "internal/msan",
 "internal/oserror",
 "internal/poll",
 "internal/profilerecord",
 "internal/race",
 "internal/reflectlite",
 "internal/runtime/atomic",
 "internal/runtime/cgroup",
 "internal/runtime/exithook",
 "internal/runtime/gc",
 "internal/runtime/gc/scan",
 "internal/runtime/maps",
 "internal/runtime/math",
 "internal/runtime/pprof/label",
 "internal/runtime/sys",
 "internal/runtime/syscall/linux",
 "internal/strconv",
 "internal/stringslite",
 "internal/sync",
 "internal/synctest",
 "internal/syscall/execenv",
 "internal/syscall/unix",
 "internal/testlog",
 "internal/trace/tracev2",
 "internal/unsafeheader",
 "io",
 "io/fs",
 "iter",
 "math",
 "math/big",
 "math/bits",
 "math/rand",
 "math/rand/v2",
 "mem/domain",
 "os",
 "path",
 "path/filepath",
 "reflect",
 "regexp",
 "regexp/syntax",
 "runtime",
 "slices",
 "sort",
 "strconv",
 "strings",
 "sync",
 "sync/atomic",
 "syscall",
 "time",
 "unicode",
 "unicode/utf8",
 "unsafe"
 ]
 },
 {
 "Dir": "/repo/application/usecases",
 "ImportPath": "mem/application/usecases",
 "Name": "usecases",
 "Root": "/repo",
 "Module": {
 "Path": "mem",
 "Main": true,
 "Dir": "/repo",
 "GoMod": "/repo/go.mod",
 "GoVersion": "1.27.0"
 },
 "Match": [
 "./..."
 ],
 "GoFiles": [
 "activation_report.go",
 "backup.go",
 "build_compaction_context.go",
 "build_consensus.go",
 "build_context.go",
 "build_context_pack.go",
 "build_plan_context.go",
 "build_usage_report.go",
 "capture_learnings.go",
 "consolidate_memories.go",
 "detect_duplicates.go",
 "finalize_review.go",
 "format_usage_report.go",
 "goparse.go",
 "import_adrs.go",
 "index_project.go",
 "memory_mass.go",
 "octopus_pack_contract.go",
 "octopus_report.go",
 "octopus_route_plan.go",
 "octopus_route_task.go",
 "optimize_tool.go",
 "pinned_docs.go",
 "portability.go",
 "promote_review_memory.go",
 "provider_selection.go",
 "record_fix.go",
 "record_verdict.go",
 "rejudge_review.go",
 "save_gate.go",
 "seed_defaults.go",
 "seed_upgrade.go",
 "start_review.go",
 "submit_reviewer_result.go"
 ],
 "Imports": [
 "bytes",
 "context",
 "crypto/sha256",
 "encoding/hex",
 "encoding/json",
 "errors",
 "fmt",
 "github.com/google/uuid",
 "go/ast",
 "go/parser",
 "go/printer",
 "go/token",
 "io",
 "io/fs",
 "mem/application/ports",
 "mem/domain",
 "os",
 "path/filepath",
 "regexp",
 "sort",
 "strconv",
 "strings",
 "time"
 ],
 "Deps": [
 "bytes",
 "cmp",
 "context",
 "crypto",
 "crypto/cipher",
 "crypto/fips140",
 "crypto/internal/boring",
 "crypto/internal/boring/sig",
 "crypto/internal/constanttime",
 "crypto/internal/entropy/v1.0.0",
 "crypto/internal/fips140",
 "crypto/internal/fips140/aes",
 "crypto/internal/fips140/aes/gcm",
 "crypto/internal/fips140/alias",
 "crypto/internal/fips140/check",
 "crypto/internal/fips140/drbg",
 "crypto/internal/fips140/hmac",
 "crypto/internal/fips140/sha256",
 "crypto/internal/fips140/sha3",
 "crypto/internal/fips140/sha512",
 "crypto/internal/fips140/subtle",
 "crypto/internal/fips140deps/byteorder",
 "crypto/internal/fips140deps/cpu",
 "crypto/internal/fips140deps/godebug",
 "crypto/internal/fips140deps/time",
 "crypto/internal/fips140only",
 "crypto/internal/impl",
 "crypto/internal/rand",
 "crypto/internal/randutil",
 "crypto/internal/sysrand",
 "crypto/md5",
 "crypto/rand",
 "crypto/sha1",
 "crypto/sha256",
 "crypto/subtle",
 "database/sql/driver",
 "database/sql/internal",
 "encoding",
 "encoding/base32",
 "encoding/base64",
 "encoding/binary",
 "encoding/hex",
 "encoding/json",
 "encoding/json/internal",
 "encoding/json/internal/jsonflags",
 "encoding/json/internal/jsonopts",
 "encoding/json/internal/jsonwire",
 "encoding/json/jsontext",
 "encoding/json/v2",
 "errors",
 "fmt",
 "github.com/google/uuid",
 "go/ast",
 "go/build/constraint",
 "go/doc/comment",
 "go/parser",
 "go/printer",
 "go/scanner",
 "go/token",
 "hash",
 "internal/abi",
 "internal/asan",
 "internal/bisect",
 "internal/bytealg",
 "internal/byteorder",
 "internal/chacha8rand",
 "internal/coverage/rtcov",
 "internal/cpu",
 "internal/filepathlite",
 "internal/fmtsort",
 "internal/goarch",
 "internal/godebug",
 "internal/godebugs",
 "internal/goexperiment",
 "internal/goos",
 "internal/msan",
 "internal/nettrace",
 "internal/oserror",
 "internal/poll",
 "internal/profilerecord",
 "internal/race",
 "internal/reflectlite",
 "internal/runtime/atomic",
 "internal/runtime/cgroup",
 "internal/runtime/exithook",
 "internal/runtime/gc",
 "internal/runtime/gc/scan",
 "internal/runtime/maps",
 "internal/runtime/math",
 "internal/runtime/pprof/label",
 "internal/runtime/sys",
 "internal/runtime/syscall/linux",
 "internal/singleflight",
 "internal/strconv",
 "internal/stringslite",
 "internal/sync",
 "internal/synctest",
 "internal/syscall/execenv",
 "internal/syscall/unix",
 "internal/testlog",
 "internal/trace/tracev2",
 "internal/unsafeheader",
 "io",
 "io/fs",
 "iter",
 "math",
 "math/big",
 "math/bits",
 "math/rand",
 "math/rand/v2",
 "mem/application/ports",
 "mem/domain",
 "net",
 "net/netip",
 "os",
 "path",
 "path/filepath",
 "reflect",
 "regexp",
 "regexp/syntax",
 "runtime",
 "runtime/cgo",
 "slices",
 "sort",
 "strconv",
 "strings",
 "sync",
 "sync/atomic",
 "syscall",
 "text/tabwriter",
 "time",
 "unicode",
 "unicode/utf16",
 "unicode/utf8",
 "unique",
 "unsafe",
 "uuid",
 "vendor/golang.org/x/net/dns/dnsmessage",
 "weak"
 ],
 "TestGoFiles": [
 "activation_report_test.go",
 "build_compaction_context_test.go",
 "build_consensus_test.go",
 "build_context_anchor_stat_internal_test.go",
 "build_plan_context_dedupe_test.go",
 "build_plan_context_test.go",
 "capture_learnings_test.go",
 "finalize_review_test.go",
 "index_project_test.go",
 "octopus_route_task_test.go",
 "promote_review_memory_test.go",
 "record_fix_test.go",
 "rejudge_review_test.go",
 "rejudge_rondas_test.go",
 "review_test_helpers_test.go",
 "start_review_test.go",
 "submit_reviewer_result_test.go"
 ],
 "TestImports": [
 "errors",
 "fmt",
 "io/fs",
 "mem/adapters/secondary/persistence",
 "mem/application/ports",
 "mem/domain",
 "os",
 "path/filepath",
 "slices",
 "sort",
 "strings",
 "testing"
 ],
 "XTestGoFiles": [
 "backup_test.go",
 "build_context_anchors_test.go",
 "build_context_mass_test.go",
 "build_context_pack_mass_test.go",
 "build_context_pack_test.go",
 "build_context_pinned_test.go",
 "build_context_test.go",
 "build_usage_report_test.go",
 "consolidate_memories_test.go",
 "detect_duplicates_test.go",
 "import_adrs_test.go",
 "memory_mass_rules_test.go",
 "memory_mass_test.go",
 "octopus_pack_contract_test.go",
 "octopus_report_test.go",
 "optimize_tool_test.go",
 "pinned_docs_test.go",
 "portability_test.go",
 "provider_selection_test.go",
 "record_verdict_test.go",
 "save_gate_review_test.go",
 "save_gate_test.go",
 "seed_defaults_test.go",
 "seed_upgrade_test.go",
 "testmain_test.go"
 ],
 "XTestImports": [
 "bytes",
 "context",
 "database/sql",
 "encoding/json",
 "errors",
 "fmt",
 "mem/adapters/secondary/compression",
 "mem/adapters/secondary/persistence",
 "mem/adapters/secondary/tokens",
 "mem/application/ports",
 "mem/application/usecases",
 "mem/domain",
 "os",
 "path/filepath",
 "reflect",
 "strings",
 "testing",
 "time"
 ]
 },
 {
 "Dir": "/repo/domain",
 "ImportPath": "mem/domain",
 "Name": "domain",
 "Root": "/repo",
 "Module": {
 "Path": "mem",
 "Main": true,
 "Dir": "/repo",
 "GoMod": "/repo/go.mod",
 "GoVersion": "1.27.0"
 },
 "Match": [
 "./..."
 ],
 "GoFiles": [
 "activation.go",
 "adr_document.go",
 "adr_sync.go",
 "agents.go",
 "anchor_evidence.go",
 "channel_matrix.go",
 "code.go",
 "code_provider.go",
 "compaction_capabilities.go",
 "compaction_texts.go",
 "consensus.go",
 "consensus_coverage.go",
 "context_pack.go",
 "errors.go",
 "extract.go",
 "finding.go",
 "fix.go",
 "impact_annotation.go",
 "learnings.go",
 "liveness.go",
 "mcp_tools.go",
 "memory.go",
 "memory_mass.go",
 "octopus_budget.go",
 "octopus_capability.go",
 "octopus_contract.go",
 "octopus_plan.go",
 "octopus_policy.go",
 "octopus_result.go",
 "octopus_route.go",
 "octopus_telemetry.go",
 "octopus_workunit.go",
 "plan_budget.go",
 "plan_shape.go",
 "portability.go",
 "protocol.go",
 "redact.go",
 "rejudgment.go",
 "relation.go",
 "remedy.go",
 "review.go",
 "review_learning.go",
 "review_policy.go",
 "seed.go",
 "session.go",
 "usage.go",
 "verdict.go"
 ],
 "Imports": [
 "crypto/rand",
 "crypto/sha256",
 "encoding/hex",
 "errors",
 "fmt",
 "math",
 "path",
 "path/filepath",
 "regexp",
 "sort",
 "strconv",
 "strings",
 "time"
 ],
 "Deps": [
 "bytes",
 "cmp",
 "crypto",
 "crypto/cipher",
 "crypto/fips140",
 "crypto/internal/boring",
 "crypto/internal/boring/sig",
 "crypto/internal/constanttime",
 "crypto/internal/entropy/v1.0.0",
 "crypto/internal/fips140",
 "crypto/internal/fips140/aes",
 "crypto/internal/fips140/aes/gcm",
 "crypto/internal/fips140/alias",
 "crypto/internal/fips140/check",
 "crypto/internal/fips140/drbg",
 "crypto/internal/fips140/hmac",
 "crypto/internal/fips140/sha256",
 "crypto/internal/fips140/sha3",
 "crypto/internal/fips140/sha512",
 "crypto/internal/fips140/subtle",
 "crypto/internal/fips140deps/byteorder",
 "crypto/internal/fips140deps/cpu",
 "crypto/internal/fips140deps/godebug",
 "crypto/internal/fips140deps/time",
 "crypto/internal/fips140only",
 "crypto/internal/impl",
 "crypto/internal/rand",
 "crypto/internal/randutil",
 "crypto/internal/sysrand",
 "crypto/rand",
 "crypto/sha256",
 "crypto/subtle",
 "encoding/hex",
 "errors",
 "fmt",
 "hash",
 "internal/abi",
 "internal/asan",
 "internal/bisect",
 "internal/bytealg",
 "internal/byteorder",
 "internal/chacha8rand",
 "internal/coverage/rtcov",
 "internal/cpu",
 "internal/filepathlite",
 "internal/fmtsort",
 "internal/goarch",
 "internal/godebug",
 "internal/godebugs",
 "internal/goexperiment",
 "internal/goos",
 "internal/msan",
 "internal/oserror",
 "internal/poll",
 "internal/profilerecord",
 "internal/race",
 "internal/reflectlite",
 "internal/runtime/atomic",
 "internal/runtime/cgroup",
 "internal/runtime/exithook",
 "internal/runtime/gc",
 "internal/runtime/gc/scan",
 "internal/runtime/maps",
 "internal/runtime/math",
 "internal/runtime/pprof/label",
 "internal/runtime/sys",
 "internal/runtime/syscall/linux",
 "internal/strconv",
 "internal/stringslite",
 "internal/sync",
 "internal/synctest",
 "internal/syscall/execenv",
 "internal/syscall/unix",
 "internal/testlog",
 "internal/trace/tracev2",
 "internal/unsafeheader",
 "io",
 "io/fs",
 "iter",
 "math",
 "math/big",
 "math/bits",
 "math/rand",
 "math/rand/v2",
 "os",
 "path",
 "path/filepath",
 "reflect",
 "regexp",
 "regexp/syntax",
 "runtime",
 "slices",
 "sort",
 "strconv",
 "strings",
 "sync",
 "sync/atomic",
 "syscall",
 "time",
 "unicode",
 "unicode/utf8",
 "unsafe"
 ],
 "TestGoFiles": [
 "activation_test.go",
 "adr_document_test.go",
 "adr_sync_test.go",
 "agents_test.go",
 "anchor_evidence_test.go",
 "channel_matrix_test.go",
 "consensus_coverage_test.go",
 "extract_test.go",
 "finding_test.go",
 "fix_test.go",
 "impact_annotation_test.go",
 "learnings_test.go",
 "liveness_test.go",
 "memory_mass_invariants_test.go",
 "memory_mass_test.go",
 "memory_test.go",
 "octopus_budget_test.go",
 "octopus_capability_test.go",
 "octopus_contract_test.go",
 "octopus_plan_test.go",
 "octopus_plan_time_test.go",
 "octopus_policy_test.go",
 "octopus_result_test.go",
 "octopus_route_test.go",
 "octopus_workunit_test.go",
 "plan_budget_test.go",
 "plan_shape_test.go",
 "redact_test.go",
 "rejudgment_test.go",
 "remedy_test.go",
 "review_learning_test.go",
 "review_test.go",
 "seed_test.go",
 "usage_test.go",
 "verdict_test.go"
 ],
 "TestImports": [
 "encoding/json",
 "errors",
 "math",
 "os",
 "path/filepath",
 "reflect",
 "strings",
 "testing",
 "time"
 ]
 },
 {
 "Dir": "/repo/infrastructure",
 "ImportPath": "mem/infrastructure",
 "Name": "main",
 "Target": "/gopath/bin/infrastructure",
 "Root": "/repo",
 "Module": {
 "Path": "mem",
 "Main": true,
 "Dir": "/repo",
 "GoMod": "/repo/go.mod",
 "GoVersion": "1.27.0"
 },
 "Match": [
 "./..."
 ],
 "Stale": true,
 "StaleReason": "build ID mismatch",
 "GoFiles": [
 "container.go",
 "main.go"
 ],
 "EmbedPatterns": [
 "all:plugin",
 "all:templates"
 ],
 "EmbedFiles": [
 "plugin/claude-code/.claude-plugin/plugin.json",
 "plugin/claude-code/skills/memory/SKILL.md",
 "plugin/opencode/gomemory.test.mjs",
 "plugin/opencode/gomemory.ts",
 "templates/adversarial-consensus-review/SKILL.md",
 "templates/agent-preamble.md",
 "templates/atomic-plan-method.md",
 "templates/gomemory-context/claude/speckit-gomemory-context-update/SKILL.md",
 "templates/gomemory-context/extension/README.md",
 "templates/gomemory-context/extension/commands/speckit.gomemory-context.update.md",
 "templates/gomemory-context/extension/extension.yml",
 "templates/gomemory-context/extension/scripts/bash/update-gomemory-context.sh",
 "templates/gomemory-context/extension/scripts/powershell/update-gomemory-context.ps1",
 "templates/gomemory-context/opencode/speckit.gomemory-context.update.md",
 "templates/speckit-constitution-gen.md",
 "templates/universal-agent-instructions.md"
 ],
 "Imports": [
 "context",
 "database/sql",
 "embed",
 "fmt",
 "mem/adapters/primary/cli",
 "mem/adapters/primary/setup",
 "mem/adapters/primary/tui",
 "mem/adapters/secondary/codegraph/codebasememory",
 "mem/adapters/secondary/compression",
 "mem/adapters/secondary/persistence",
 "mem/adapters/secondary/speckit",
 "mem/adapters/secondary/tokens",
 "mem/adapters/secondary/usage",
 "mem/application/ports",
 "mem/application/usecases",
 "mem/domain",
 "os",
 "path/filepath",
 "strings"
 ],
 "Deps": [
 "archive/tar",
 "archive/zip",
 "bufio",
 "bytes",
 "charm.land/bubbles/v2/cursor",
 "charm.land/bubbles/v2/internal/runeutil",
 "charm.land/bubbles/v2/key",
 "charm.land/bubbles/v2/textinput",
 "charm.land/bubbletea/v2",
 "charm.land/lipgloss/v2",
 "cmp",
 "compress/flate",
 "compress/gzip",
 "compress/zlib",
 "container/list",
 "context",
 "crypto",
 "crypto/aes",
 "crypto/cipher",
 "crypto/des",
 "crypto/dsa",
 "crypto/ecdh",
 "crypto/ecdsa",
 "crypto/ed25519",
 "crypto/elliptic",
 "crypto/fips140",
 "crypto/hkdf",
 "crypto/hmac",
 "crypto/hpke",
 "crypto/internal/boring",
 "crypto/internal/boring/bbig",
 "crypto/internal/boring/sig",
 "crypto/internal/constanttime",
 "crypto/internal/entropy/v1.0.0",
 "crypto/internal/fips140",
 "crypto/internal/fips140/aes",
 "crypto/internal/fips140/aes/gcm",
 "crypto/internal/fips140/alias",
 "crypto/internal/fips140/bigmod",
 "crypto/internal/fips140/check",
 "crypto/internal/fips140/drbg",
 "crypto/internal/fips140/ecdh",
 "crypto/internal/fips140/ecdsa",
 "crypto/internal/fips140/ed25519",
 "crypto/internal/fips140/edwards25519",
 "crypto/internal/fips140/edwards25519/field",
 "crypto/internal/fips140/hkdf",
 "crypto/internal/fips140/hmac",
 "crypto/internal/fips140/mldsa",
 "crypto/internal/fips140/mlkem",
 "crypto/internal/fips140/nistec",
 "crypto/internal/fips140/nistec/fiat",
 "crypto/internal/fips140/rsa",
 "crypto/internal/fips140/sha256",
 "crypto/internal/fips140/sha3",
 "crypto/internal/fips140/sha512",
 "crypto/internal/fips140/subtle",
 "crypto/internal/fips140/tls12",
 "crypto/internal/fips140/tls13",
 "crypto/internal/fips140cache",
 "crypto/internal/fips140deps/byteorder",
 "crypto/internal/fips140deps/cpu",
 "crypto/internal/fips140deps/godebug",
 "crypto/internal/fips140deps/time",
 "crypto/internal/fips140hash",
 "crypto/internal/fips140only",
 "crypto/internal/impl",
 "crypto/internal/rand",
 "crypto/internal/randutil",
 "crypto/internal/sysrand",
 "crypto/md5",
 "crypto/mldsa",
 "crypto/mlkem",
 "crypto/rand",
 "crypto/rc4",
 "crypto/rsa",
 "crypto/sha1",
 "crypto/sha256",
 "crypto/sha3",
 "crypto/sha512",
 "crypto/subtle",
 "crypto/tls",
 "crypto/tls/internal/fips140tls",
 "crypto/x509",
 "crypto/x509/pkix",
 "database/sql",
 "database/sql/driver",
 "database/sql/internal",
 "embed",
 "encoding",
 "encoding/asn1",
 "encoding/base32",
 "encoding/base64",
 "encoding/binary",
 "encoding/gob",
 "encoding/hex",
 "encoding/json",
 "encoding/json/internal",
 "encoding/json/internal/jsonflags",
 "encoding/json/internal/jsonopts",
 "encoding/json/internal/jsonwire",
 "encoding/json/jsontext",
 "encoding/json/v2",
 "encoding/pem",
 "errors",
 "flag",
 "fmt",
 "github.com/atotto/clipboard",
 "github.com/charmbracelet/colorprofile",
 "github.com/charmbracelet/ultraviolet",
 "github.com/charmbracelet/x/ansi",
 "github.com/charmbracelet/x/ansi/kitty",
 "github.com/charmbracelet/x/ansi/parser",
 "github.com/charmbracelet/x/term",
 "github.com/charmbracelet/x/termios",
 "github.com/charmbracelet/x/windows",
 "github.com/clipperhouse/displaywidth",
 "github.com/clipperhouse/uax29/v2/graphemes",
 "github.com/dustin/go-humanize",
 "github.com/google/jsonschema-go/jsonschema",
 "github.com/google/uuid",
 "github.com/lucasb-eyer/go-colorful",
 "github.com/mattn/go-runewidth",
 "github.com/modelcontextprotocol/go-sdk/auth",
 "github.com/modelcontextprotocol/go-sdk/internal/authutil",
 "github.com/modelcontextprotocol/go-sdk/internal/json",
 "github.com/modelcontextprotocol/go-sdk/internal/jsonrpc2",
 "github.com/modelcontextprotocol/go-sdk/internal/mcpgodebug",
 "github.com/modelcontextprotocol/go-sdk/internal/util",
 "github.com/modelcontextprotocol/go-sdk/internal/xcontext",
 "github.com/modelcontextprotocol/go-sdk/jsonrpc",
 "github.com/modelcontextprotocol/go-sdk/mcp",
 "github.com/modelcontextprotocol/go-sdk/oauthex",
 "github.com/muesli/cancelreader",
 "github.com/pelletier/go-toml/v2",
 "github.com/pelletier/go-toml/v2/internal/parserbridge",
 "github.com/pelletier/go-toml/v2/internal/tracker",
 "github.com/pelletier/go-toml/v2/unstable",
 "github.com/remyoudompheng/bigfft",
 "github.com/rivo/uniseg",
 "github.com/segmentio/asm/ascii",
 "github.com/segmentio/asm/base64",
 "github.com/segmentio/asm/cpu",
 "github.com/segmentio/asm/cpu/arm",
 "github.com/segmentio/asm/cpu/arm64",
 "github.com/segmentio/asm/cpu/cpuid",
 "github.com/segmentio/asm/cpu/x86",
 "github.com/segmentio/asm/internal/unsafebytes",
 "github.com/segmentio/asm/keyset",
 "github.com/segmentio/encoding/ascii",
 "github.com/segmentio/encoding/iso8601",
 "github.com/segmentio/encoding/json",
 "github.com/xo/terminfo",
 "github.com/yosida95/uritemplate/v3",
 "go/ast",
 "go/build/constraint",
 "go/doc/comment",
 "go/parser",
 "go/printer",
 "go/scanner",
 "go/token",
 "golang.org/x/oauth2",
 "golang.org/x/oauth2/internal",
 "golang.org/x/sync/errgroup",
 "golang.org/x/sys/cpu",
 "golang.org/x/sys/unix",
 "golang.org/x/time/rate",
 "hash",
 "hash/adler32",
 "hash/crc32",
 "hash/maphash",
 "image",
 "image/color",
 "image/png",
 "internal/abi",
 "internal/asan",
 "internal/bisect",
 "internal/bytealg",
 "internal/byteorder",
 "internal/chacha8rand",
 "internal/coverage/rtcov",
 "internal/cpu",
 "internal/filepathlite",
 "internal/fmtsort",
 "internal/goarch",
 "internal/godebug",
 "internal/godebugs",
 "internal/goexperiment",
 "internal/goos",
 "internal/msan",
 "internal/nettrace",
 "internal/oserror",
 "internal/poll",
 "internal/profilerecord",
 "internal/race",
 "internal/reflectlite",
 "internal/runtime/atomic",
 "internal/runtime/cgroup",
 "internal/runtime/exithook",
 "internal/runtime/gc",
 "internal/runtime/gc/scan",
 "internal/runtime/maps",
 "internal/runtime/math",
 "internal/runtime/pprof/label",
 "internal/runtime/sys",
 "internal/runtime/syscall/linux",
 "internal/saferio",
 "internal/singleflight",
 "internal/strconv",
 "internal/stringslite",
 "internal/sync",
 "internal/synctest",
 "internal/syscall/execenv",
 "internal/syscall/unix",
 "internal/testlog",
 "internal/trace/tracev2",
 "internal/unsafeheader",
 "io",
 "io/fs",
 "io/ioutil",
 "iter",
 "log",
 "log/internal",
 "log/slog",
 "log/slog/internal",
 "log/slog/internal/buffer",
 "maps",
 "math",
 "math/big",
 "math/bits",
 "math/rand",
 "math/rand/v2",
 "mem/adapters/primary/cli",
 "mem/adapters/primary/setup",
 "mem/adapters/primary/tui",
 "mem/adapters/secondary/codegraph/codebasememory",
 "mem/adapters/secondary/compression",
 "mem/adapters/secondary/persistence",
 "mem/adapters/secondary/speckit",
 "mem/adapters/secondary/tokens",
 "mem/adapters/secondary/usage",
 "mem/application/ports",
 "mem/application/usecases",
 "mem/domain",
 "mem/version",
 "mime",
 "mime/multipart",
 "mime/quotedprintable",
 "modernc.org/libc",
 "modernc.org/libc/sys/types",
 "modernc.org/libc/uuid/uuid",
 "modernc.org/mathutil",
 "modernc.org/memory",
 "modernc.org/sqlite",
 "modernc.org/sqlite/lib",
 "modernc.org/sqlite/vtab",
 "net",
 "net/http",
 "net/http/httptrace",
 "net/http/internal",
 "net/http/internal/ascii",
 "net/http/internal/http2",
 "net/http/internal/httpcommon",
 "net/http/internal/httpsfv",
 "net/netip",
 "net/textproto",
 "net/url",
 "os",
 "os/exec",
 "os/signal",
 "os/user",
 "path",
 "path/filepath",
 "reflect",
 "regexp",
 "regexp/syntax",
 "runtime",
 "runtime/cgo",
 "runtime/debug",
 "slices",
 "sort",
 "strconv",
 "strings",
 "sync",
 "sync/atomic",
 "syscall",
 "text/tabwriter",
 "text/template",
 "text/template/parse",
 "time",
 "unicode",
 "unicode/utf16",
 "unicode/utf8",
 "unique",
 "unsafe",
 "uuid",
 "vendor/golang.org/x/crypto/chacha20",
 "vendor/golang.org/x/crypto/chacha20poly1305",
 "vendor/golang.org/x/crypto/cryptobyte",
 "vendor/golang.org/x/crypto/cryptobyte/asn1",
 "vendor/golang.org/x/crypto/internal/alias",
 "vendor/golang.org/x/crypto/internal/poly1305",
 "vendor/golang.org/x/net/dns/dnsmessage",
 "vendor/golang.org/x/net/http/httpguts",
 "vendor/golang.org/x/net/http/httpproxy",
 "vendor/golang.org/x/net/http2/hpack",
 "vendor/golang.org/x/net/idna",
 "vendor/golang.org/x/sys/cpu",
 "vendor/golang.org/x/text/secure/bidirule",
 "vendor/golang.org/x/text/transform",
 "vendor/golang.org/x/text/unicode/bidi",
 "vendor/golang.org/x/text/unicode/norm",
 "weak"
 ]
 },
 {
 "Dir": "/repo/tests/contract",
 "ImportPath": "mem/tests/contract",
 "Name": "main",
 "Target": "/gopath/bin/contract",
 "Root": "/repo",
 "Module": {
 "Path": "mem",
 "Main": true,
 "Dir": "/repo",
 "GoMod": "/repo/go.mod",
 "GoVersion": "1.27.0"
 },
 "Match": [
 "./..."
 ],
 "Deps": [
 "internal/abi",
 "internal/asan",
 "internal/bytealg",
 "internal/byteorder",
 "internal/chacha8rand",
 "internal/coverage/rtcov",
 "internal/cpu",
 "internal/goarch",
 "internal/godebugs",
 "internal/goexperiment",
 "internal/goos",
 "internal/msan",
 "internal/profilerecord",
 "internal/race",
 "internal/runtime/atomic",
 "internal/runtime/cgroup",
 "internal/runtime/exithook",
 "internal/runtime/gc",
 "internal/runtime/gc/scan",
 "internal/runtime/maps",
 "internal/runtime/math",
 "internal/runtime/pprof/label",
 "internal/runtime/sys",
 "internal/runtime/syscall/linux",
 "internal/strconv",
 "internal/stringslite",
 "internal/trace/tracev2",
 "math/bits",
 "runtime",
 "unsafe"
 ],
 "TestGoFiles": [
 "agent_integration_doc_test.go",
 "atomic_plan_method_test.go",
 "channel_matrix_test.go",
 "claude_hooks_merge_test.go",
 "compaction_capabilities_test.go",
 "compaction_texts_test.go",
 "doctor_report_test.go",
 "get_plan_context_reminder_test.go",
 "hook_plan_entered_test.go",
 "hook_plan_guard_test.go",
 "integration_block_test.go",
 "maintenance_cli_test.go",
 "mcp_tool_sync_test.go",
 "memory_protocol_test.go",
 "octopus_schema_test.go",
 "opencode_compaction_test.go",
 "opencode_hooks_test.go",
 "opencode_tool_names_test.go",
 "opencode_v2_shape_test.go",
 "pack_build_cli_test.go",
 "pack_compress_cli_test.go",
 "pack_stats_cli_test.go",
 "pinned_docs_parity_test.go",
 "plan_guard_neutral_test.go",
 "plugin_placeholder_test.go",
 "review_cli_test.go",
 "review_protocol_test.go",
 "skill_tool_names_test.go",
 "testmain_test.go"
 ],
 "TestImports": [
 "bufio",
 "bytes",
 "encoding/json",
 "go/ast",
 "go/parser",
 "go/token",
 "mem/adapters/primary/cli",
 "mem/adapters/primary/setup",
 "mem/adapters/secondary/compression",
 "mem/adapters/secondary/persistence",
 "mem/domain",
 "os",
 "os/exec",
 "path/filepath",
 "regexp",
 "sort",
 "strings",
 "sync",
 "testing",
 "time"
 ]
 },
 {
 "Dir": "/repo/tests/integration",
 "ImportPath": "mem/tests/integration",
 "Name": "main",
 "Target": "/gopath/bin/integration",
 "Root": "/repo",
 "Module": {
 "Path": "mem",
 "Main": true,
 "Dir": "/repo",
 "GoMod": "/repo/go.mod",
 "GoVersion": "1.27.0"
 },
 "Match": [
 "./..."
 ],
 "IgnoredGoFiles": [
 "save_gate_calibration_test.go"
 ],
 "Deps": [
 "internal/abi",
 "internal/asan",
 "internal/bytealg",
 "internal/byteorder",
 "internal/chacha8rand",
 "internal/coverage/rtcov",
 "internal/cpu",
 "internal/goarch",
 "internal/godebugs",
 "internal/goexperiment",
 "internal/goos",
 "internal/msan",
 "internal/profilerecord",
 "internal/race",
 "internal/runtime/atomic",
 "internal/runtime/cgroup",
 "internal/runtime/exithook",
 "internal/runtime/gc",
 "internal/runtime/gc/scan",
 "internal/runtime/maps",
 "internal/runtime/math",
 "internal/runtime/pprof/label",
 "internal/runtime/sys",
 "internal/runtime/syscall/linux",
 "internal/strconv",
 "internal/stringslite",
 "internal/trace/tracev2",
 "math/bits",
 "runtime",
 "unsafe"
 ],
 "TestGoFiles": [
 "agent_notice_hook_integration_test.go",
 "backup_hook_integration_test.go",
 "build_context_pack_codegraph_test.go",
 "build_context_pack_dedup_test.go",
 "build_context_pack_speckit_test.go",
 "build_context_pack_test.go",
 "code_graph_mcp_integration_test.go",
 "code_graph_multi_provider_test.go",
 "compact_summary_hook_integration_test.go",
 "compaction_context_hook_integration_test.go",
 "compaction_recovery_integration_test.go",
 "foreign_agent_test.go",
 "hook_marker_integration_test.go",
 "lazy_init_test.go",
 "legacy_migration_test.go",
 "maintenance_integration_test.go",
 "octopus_cold_start_test.go",
 "octopus_context_pack_test.go",
 "octopus_dry_run_test.go",
 "octopus_failure_test.go",
 "octopus_helpers_test.go",
 "octopus_module_off_test.go",
 "octopus_route_plan_test.go",
 "plan_context_integration_test.go",
 "plugin_integration_test.go",
 "project_isolation_test.go",
 "protocol_block_test.go",
 "review_approved_flow_test.go",
 "review_concurrent_fix_test.go",
 "review_concurrent_rejudge_test.go",
 "review_consenso_atomico_test.go",
 "review_escalated_flow_test.go",
 "review_escrituras_ciegas_test.go",
 "review_finalize_carrera_test.go",
 "review_memory_context_test.go",
 "review_rejudgment_vigencia_test.go",
 "review_status_perf_test.go",
 "seed_bootstrap_test.go",
 "subagent_capture_integration_test.go",
 "testmain_test.go",
 "uninstall_integration_test.go",
 "update_integration_test.go"
 ],
 "TestImports": [
 "archive/tar",
 "bytes",
 "compress/gzip",
 "context",
 "database/sql",
 "encoding/json",
 "fmt",
 "github.com/modelcontextprotocol/go-sdk/mcp",
 "io",
 "mem/adapters/primary/cli",
 "mem/adapters/secondary/compression",
 "mem/adapters/secondary/persistence",
 "mem/adapters/secondary/speckit",
 "mem/adapters/secondary/tokens",
 "mem/application/ports",
 "mem/application/usecases",
 "mem/domain",
 "modernc.org/sqlite",
 "net/http",
 "net/http/httptest",
 "os",
 "os/exec",
 "path/filepath",
 "sort",
 "strconv",
 "strings",
 "sync",
 "testing",
 "time"
 ]
 },
 {
 "Dir": "/repo/version",
 "ImportPath": "mem/version",
 "Name": "version",
 "Doc": "Package version es la única fuente de verdad para la versión de gomemory.",
 "Root": "/repo",
 "Module": {
 "Path": "mem",
 "Main": true,
 "Dir": "/repo",
 "GoMod": "/repo/go.mod",
 "GoVersion": "1.27.0"
 },
 "Match": [
 "./..."
 ],
 "GoFiles": [
 "version.go"
 ]
 }
]